
Memory Configuration

Name             Origin             Length             Attributes
flash            0x00000000         0x20000000         xr
sram             0x20000000         0x20000000         xrw
*default*        0x00000000         0xffffffff

Linker script and memory map


.text           0x00000000      0x127
 *(.vectors*)
 .vectors       0x00000000       0x1c startup.o
                0x00000000                G_P_Fn_Vectors
 *(.text*)
 .text          0x0000001c       0x7c main.o
                0x0000001c                main
 .text          0x00000098       0x8c startup.o
                0x00000098                NMI_Handler
                0x00000098                H_Fault_Handler
                0x00000098                MM_Fault_Handler
                0x00000098                Usage_Fault_Handler
                0x00000098                Bus_Fault
                0x00000098                Defualt_Handler
                0x000000a4                Reset_Handler
 *(.rodata)
 .rodata        0x00000124        0x3 main.o
                0x00000124                const_var
                0x00000127                _E_text = .

.glue_7         0x00000128        0x0
 .glue_7        0x00000128        0x0 linker stubs

.glue_7t        0x00000128        0x0
 .glue_7t       0x00000128        0x0 linker stubs

.vfp11_veneer   0x00000128        0x0
 .vfp11_veneer  0x00000128        0x0 linker stubs

.v4_bx          0x00000128        0x0
 .v4_bx         0x00000128        0x0 linker stubs

.iplt           0x00000128        0x0
 .iplt          0x00000128        0x0 main.o

.rel.dyn        0x00000128        0x0
 .rel.iplt      0x00000128        0x0 main.o

.data           0x20000000        0x8 load address 0x00000127
                0x20000000                _S_DATA = .
 *(.data)
 .data          0x20000000        0x7 main.o
                0x20000000                R_ODR
                0x20000004                g_var
 .data          0x20000007        0x0 startup.o
                0x20000008                . = ALIGN (0x4)
 *fill*         0x20000007        0x1 
                0x20000008                _E_DATA = .

.igot.plt       0x20000008        0x0 load address 0x0000012f
 .igot.plt      0x20000008        0x0 main.o

.bss            0x20000008      0x400 load address 0x0000012f
                0x20000008                _S_bss = .
 *(.bss*)
 .bss           0x20000008        0x0 main.o
 .bss           0x20000008      0x400 startup.o
                0x20000408                _E_bss = .
LOAD main.o
LOAD startup.o
OUTPUT(Cortex_m3.elf elf32-littlearm)
LOAD linker stubs

.debug_info     0x00000000      0x352
 .debug_info    0x00000000      0x1ad main.o
 .debug_info    0x000001ad      0x1a5 startup.o

.debug_abbrev   0x00000000      0x206
 .debug_abbrev  0x00000000      0x120 main.o
 .debug_abbrev  0x00000120       0xe6 startup.o

.debug_loc      0x00000000       0xb4
 .debug_loc     0x00000000       0x38 main.o
 .debug_loc     0x00000038       0x7c startup.o

.debug_aranges  0x00000000       0x40
 .debug_aranges
                0x00000000       0x20 main.o
 .debug_aranges
                0x00000020       0x20 startup.o

.debug_line     0x00000000      0x1d2
 .debug_line    0x00000000      0x119 main.o
 .debug_line    0x00000119       0xb9 startup.o

.debug_str      0x00000000      0x1c3
 .debug_str     0x00000000      0x145 main.o
                                0x182 (size before relaxing)
 .debug_str     0x00000145       0x7e startup.o
                                0x1a8 (size before relaxing)

.comment        0x00000000       0x49
 .comment       0x00000000       0x49 main.o
                                 0x4a (size before relaxing)
 .comment       0x00000049       0x4a startup.o

.ARM.attributes
                0x00000000       0x2e
 .ARM.attributes
                0x00000000       0x2e main.o
 .ARM.attributes
                0x0000002e       0x2e startup.o

.debug_frame    0x00000000       0x7c
 .debug_frame   0x00000000       0x2c main.o
 .debug_frame   0x0000002c       0x50 startup.o
